====================================================================
GAUNTLET DEMO: full local CI gauntlet (fmt + clippy + test + audit)
Captured: 2026-05-20T23:42:22Z
====================================================================

[1/5] cargo fmt --all --check
  -> CLEAN

[2/5] cargo clippy --workspace --all-targets -- -D warnings
    Finished `dev` profile [unoptimized + debuginfo] target(s) in 0.17s

[3/5] cargo build --workspace --locked
    Finished `dev` profile [unoptimized + debuginfo] target(s) in 0.13s

[4/5] cargo test --workspace --locked (workspace_structure suite)
test monocle_core_declares_phase1_modules ... ok
test monocle_runtime_has_main_rs_stub ... ok

test result: ok. 14 passed; 0 failed; 0 ignored; 0 measured; 0 filtered out; finished in 0.00s


[5/5] cargo audit --deny warnings
    Fetching advisory database from `https://github.com/RustSec/advisory-db.git`
      Loaded 1096 security advisories (from /Users/jmagady/.cargo/advisory-db)
    Updating crates.io index
    Scanning Cargo.lock for vulnerabilities (154 crate dependencies)
  -> EXIT 0
